Copyright 1986-2019 Xilinx, Inc. All Rights Reserved.
------------------------------------------------------------------------------------
| Tool Version : Vivado v.2019.1 (win64) Build 2552052 Fri May 24 14:49:42 MDT 2019
| Date         : Tue Mar 22 14:37:53 2022
| Host         : AaronThinkPad running 64-bit major release  (build 9200)
| Command      : report_control_sets -verbose -file System_control_sets_placed.rpt
| Design       : System
| Device       : xc7z010
------------------------------------------------------------------------------------

Control Set Information

Table of Contents
-----------------
1. Summary
2. Histogram
3. Flip-Flop Distribution
4. Detailed Control Set Information

1. Summary
----------

+----------------------------------------------------------+-------+
|                          Status                          | Count |
+----------------------------------------------------------+-------+
| Total control sets                                       |    22 |
|    Minimum number of control sets                        |    22 |
|    Addition due to synthesis replication                 |     0 |
|    Addition due to physical synthesis replication        |     0 |
| Unused register locations in slices containing registers |    72 |
+----------------------------------------------------------+-------+
* Control sets can be merged at opt_design using control_set_merge or merge_equivalent_drivers
** Run report_qor_suggestions for automated merging and remapping suggestions


2. Histogram
------------

+--------------------+-------+
|       Fanout       | Count |
+--------------------+-------+
| Total control sets |    22 |
| >= 0 to < 4        |     0 |
| >= 4 to < 6        |     3 |
| >= 6 to < 8        |     5 |
| >= 8 to < 10       |     5 |
| >= 10 to < 12      |     3 |
| >= 12 to < 14      |     1 |
| >= 14 to < 16      |     0 |
| >= 16              |     5 |
+--------------------+-------+
* Control sets can be remapped at either synth_design or opt_design


3. Flip-Flop Distribution
-------------------------

+--------------+-----------------------+------------------------+-----------------+--------------+
| Clock Enable | Synchronous Set/Reset | Asynchronous Set/Reset | Total Registers | Total Slices |
+--------------+-----------------------+------------------------+-----------------+--------------+
| No           | No                    | No                     |              53 |           21 |
| No           | No                    | Yes                    |              50 |           23 |
| No           | Yes                   | No                     |               0 |            0 |
| Yes          | No                    | No                     |              51 |           20 |
| Yes          | No                    | Yes                    |              29 |            9 |
| Yes          | Yes                   | No                     |             321 |           81 |
+--------------+-----------------------+------------------------+-----------------+--------------+


4. Detailed Control Set Information
-----------------------------------

+----------------------------------------------------+--------------------------------------------------------------------------+------------------------------------------------------------+------------------+----------------+
|                    Clock Signal                    |                               Enable Signal                              |                      Set/Reset Signal                      | Slice Load Count | Bel Load Count |
+----------------------------------------------------+--------------------------------------------------------------------------+------------------------------------------------------------+------------------+----------------+
|  clock_IBUF_BUFG                                   | Inst_uart/Inst_uart/os_count0                                            | reset_h_IBUF                                               |                1 |              4 |
|  clock_IBUF_BUFG                                   | Inst_uart/Inst_uart/tx_count[3]_i_1_n_0                                  | reset_h_IBUF                                               |                1 |              4 |
|  clock_IBUF_BUFG                                   | Inst_uart/Inst_uart/rx_count0                                            | reset_h_IBUF                                               |                1 |              4 |
|  clock_IBUF_BUFG                                   | Inst_LCD/byteSel[5]_i_1_n_0                                              | Inst_uart/data_valid_reg_0                                 |                3 |              6 |
|  clock_IBUF_BUFG                                   | Inst_LCD/i2c_data_0                                                      |                                                            |                6 |              6 |
|  clock_IBUF_BUFG                                   | Inst_LCD/Inst_i2c_master/addr_rw0                                        |                                                            |                2 |              6 |
|  clock_IBUF_BUFG                                   | Inst_keyboard/ps2_keyboard_0/E[0]                                        |                                                            |                3 |              7 |
|  clock_IBUF_BUFG                                   | Inst_keyboard/ascii_code[6]_i_1_n_0                                      |                                                            |                1 |              7 |
|  clock_IBUF_BUFG                                   | Inst_keyboard/ps2_keyboard_0/ps2_code_new0                               |                                                            |                2 |              8 |
|  clock_IBUF_BUFG                                   | Inst_uart/Inst_uart/rx_buffer0                                           |                                                            |                4 |              8 |
|  clock_IBUF_BUFG                                   | Inst_uart/Inst_uart/rx_data0                                             | reset_h_IBUF                                               |                3 |              8 |
|  clock_IBUF_BUFG                                   | Inst_LCD/Inst_i2c_master/busy1                                           | Inst_uart/data_valid_reg_0                                 |                3 |              9 |
|  clock_IBUF_BUFG                                   | Inst_uart/Inst_uart/tx_buffer[9]_i_1_n_0                                 |                                                            |                2 |              9 |
|  clock_IBUF_BUFG                                   | Inst_keyboard/ps2_keyboard_0/debounce_ps2_clk/sel                        | Inst_keyboard/ps2_keyboard_0/debounce_ps2_clk/counter_set  |                2 |             10 |
|  clock_IBUF_BUFG                                   | Inst_keyboard/ps2_keyboard_0/debounce_ps2_data/counter_out[9]_i_2__0_n_0 | Inst_keyboard/ps2_keyboard_0/debounce_ps2_data/counter_set |                2 |             10 |
| ~Inst_keyboard/ps2_keyboard_0/debounce_ps2_clk/CLK |                                                                          |                                                            |                4 |             11 |
|  clock_IBUF_BUFG                                   | Inst_keyboard/ps2_keyboard_0/count_idle[0]_i_2_n_0                       | Inst_keyboard/ps2_keyboard_0/debounce_ps2_clk/clear        |                4 |             13 |
|  clock_IBUF_BUFG                                   |                                                                          | Inst_uart/data_valid_reg_0                                 |               11 |             19 |
|  clock_IBUF_BUFG                                   | Inst_LCD/pause_cnt_1                                                     | Inst_LCD/pause_cnt[25]_i_1_n_0                             |                8 |             26 |
|  clock_IBUF_BUFG                                   |                                                                          | reset_h_IBUF                                               |               12 |             31 |
|  clock_IBUF_BUFG                                   |                                                                          |                                                            |               17 |             42 |
|  clock_IBUF_BUFG                                   | Inst_uart/Inst_uart/E[0]                                                 | reset_h_IBUF                                               |               62 |            256 |
+----------------------------------------------------+--------------------------------------------------------------------------+------------------------------------------------------------+------------------+----------------+


